// Vitest Snapshot v1, https://vitest.dev/guide/snapshot.html

exports[`card, agent and channel projection > projects every card, agent and channel event the same in memory and in SQL 1`] = `
{
  "agentById": {
    "_id": "Option",
    "_tag": "Some",
    "value": {
      "archivedAt": null,
      "avatar": null,
      "capabilities": [
        "read",
        "write",
      ],
      "createdAt": "2026-03-01T00:01:00.000Z",
      "id": "agent-api",
      "modelSelection": {
        "instanceId": "codex",
        "model": "gpt-5-codex",
      },
      "name": "api",
      "projectId": "project-cards",
      "rolePrompt": "Own the API and its docs.",
      "roleTags": [
        "backend",
        "docs",
      ],
      "updatedAt": "2026-03-01T00:03:00.000Z",
    },
  },
  "agentShellById": {
    "_id": "Option",
    "_tag": "Some",
    "value": {
      "avatar": "W",
      "id": "agent-web",
      "modelSelection": {
        "instanceId": "codex",
        "model": "gpt-5-codex",
      },
      "name": "web",
      "presence": "idle",
      "projectId": "project-cards",
      "roleTags": [],
      "spentUsd": 0,
    },
  },
  "cardRow": {
    "_id": "Option",
    "_tag": "Some",
    "value": {
      "acceptsUnpriced": true,
      "activityAt": "2026-03-01T00:41:00.000Z",
      "attemptGroupId": null,
      "baseBranch": "main",
      "branch": "iskra/rate-limit",
      "budgetCapUsd": 25,
      "cardId": "card-1",
      "channelId": "channel-general",
      "checks": {
        "failedRuns": 1,
        "state": "failed",
        "summary": "lint",
        "updatedAt": "2026-03-01T00:41:00.000Z",
      },
      "createdAt": "2026-03-01T00:16:00.000Z",
      "createdBy": {
        "id": "human",
        "kind": "human",
      },
      "delegateAgentId": "agent-api",
      "diffStat": {
        "additions": 40,
        "deletions": 2,
        "files": 3,
      },
      "linearIssue": {
        "agentSessionId": null,
        "commentsSyncedAt": null,
        "description": "Use Redis.",
        "id": "linear-1",
        "identifier": "ISK-1",
        "priority": 1,
        "promptsSyncedAt": null,
        "stateId": "state",
        "teamId": "team",
        "title": "Rate limit the API",
        "url": "https://linear.app/issue/ISK-1",
      },
      "ownerHumanId": "human",
      "parentCardId": null,
      "portBase": 4100,
      "priority": 1,
      "projectId": "project-cards",
      "proposalReasoning": null,
      "relations": [
        {
          "cardId": "card-2",
          "kind": "blockedBy",
        },
        {
          "cardId": "card-3",
          "kind": "duplicateOf",
        },
      ],
      "reviewReturns": 1,
      "snoozedAt": null,
      "snoozedUntil": null,
      "sourceMessageId": null,
      "spec": "Use Redis.",
      "specState": "approved",
      "spentUsd": 0.25,
      "status": "inProgress",
      "tags": [
        "api",
      ],
      "title": "Rate limit the API",
      "unpricedTurns": 1,
      "updatedAt": "2026-03-01T00:36:00.000Z",
      "worktreePath": "/tmp/rate-limit",
    },
  },
  "cardShellById": {
    "_id": "Option",
    "_tag": "Some",
    "value": {
      "acceptsUnpriced": true,
      "activityAt": "2026-03-01T00:41:00.000Z",
      "attemptGroupId": null,
      "baseBranch": "main",
      "branch": "iskra/rate-limit",
      "budgetCapUsd": 25,
      "channelId": "channel-general",
      "checks": {
        "failedRuns": 1,
        "state": "failed",
        "summary": "lint",
        "updatedAt": "2026-03-01T00:41:00.000Z",
      },
      "createdAt": "2026-03-01T00:16:00.000Z",
      "createdBy": {
        "id": "human",
        "kind": "human",
      },
      "delegateAgentId": "agent-api",
      "diffStat": {
        "additions": 40,
        "deletions": 2,
        "files": 3,
      },
      "id": "card-1",
      "linearIssue": {
        "agentSessionId": null,
        "commentsSyncedAt": null,
        "description": "Use Redis.",
        "id": "linear-1",
        "identifier": "ISK-1",
        "priority": 1,
        "promptsSyncedAt": null,
        "stateId": "state",
        "teamId": "team",
        "title": "Rate limit the API",
        "url": "https://linear.app/issue/ISK-1",
      },
      "ownerHumanId": "human",
      "ownerSession": {
        "agentId": "agent-api",
        "planProgress": null,
        "since": "2026-03-01T00:28:00.000Z",
        "state": "pending",
        "threadId": "thread-owner",
      },
      "parentCardId": null,
      "portBase": 4100,
      "priority": 1,
      "projectId": "project-cards",
      "proposalReasoning": null,
      "relations": [
        {
          "cardId": "card-2",
          "kind": "blockedBy",
        },
        {
          "cardId": "card-3",
          "kind": "duplicateOf",
        },
      ],
      "reviewReturns": 1,
      "snoozedAt": null,
      "snoozedUntil": null,
      "sourceMessageId": null,
      "spec": "Use Redis.",
      "specState": "approved",
      "spentUsd": 0.25,
      "status": "inProgress",
      "tags": [
        "api",
      ],
      "title": "Rate limit the API",
      "unpricedTurns": 1,
      "updatedAt": "2026-03-01T00:36:00.000Z",
      "worktreePath": "/tmp/rate-limit",
    },
  },
  "channelMessages": [
    {
      "authorId": "human",
      "authorKind": "human",
      "body": "@api hello",
      "channelId": "channel-general",
      "createdAt": "2026-03-01T00:12:00.000Z",
      "deliveries": [
        {
          "agentId": "agent-api",
          "status": "sent",
        },
      ],
      "id": "message-1",
    },
  ],
  "channelRow": {
    "_id": "Option",
    "_tag": "Some",
    "value": {
      "archivedAt": "2026-03-01T00:11:00.000Z",
      "channelId": "channel-old",
      "createdAt": "2026-03-01T00:07:00.000Z",
      "kind": "dm",
      "leadAgentId": null,
      "memberAgentIds": [],
      "name": "old",
      "pinnedSpec": "s",
      "projectId": "project-cards",
      "topic": "t",
      "updatedAt": "2026-03-01T00:11:00.000Z",
      "wakeDepth": 0,
    },
  },
  "channelShellById": {
    "_id": "Option",
    "_tag": "Some",
    "value": {
      "id": "channel-general",
      "kind": "channel",
      "leadAgentId": null,
      "memberAgentIds": [
        "agent-api",
        "agent-web",
      ],
      "name": "general",
      "projectId": "project-cards",
      "topic": "Ship it",
    },
  },
  "decisions": [
    {
      "author": {
        "id": "human",
        "kind": "human",
      },
      "cardId": "card-1",
      "createdAt": "2026-03-01T00:31:00.000Z",
      "decisionId": "spec-state:evt-cards-30",
      "text": "Approved the spec.",
    },
  ],
  "message": {
    "_id": "Option",
    "_tag": "Some",
    "value": {
      "authorId": "human",
      "authorKind": "human",
      "body": "@api hello",
      "channelId": "channel-general",
      "createdAt": "2026-03-01T00:12:00.000Z",
      "messageId": "message-1",
      "runThreadId": null,
      "sequence": 12,
    },
  },
  "openDeliveries": [
    {
      "authorId": "human",
      "authorKind": "human",
      "body": "@api hello",
      "channelId": "channel-general",
      "createdAt": "2026-03-01T00:12:00.000Z",
      "deliveryRunThreadId": "thread-conversation",
      "messageId": "message-1",
      "runThreadId": null,
      "sequence": 12,
      "status": "sent",
    },
  ],
  "openOwnerMessages": [
    {
      "authorId": "human",
      "authorKind": "human",
      "body": "Also cap bursts.",
      "cardId": "card-1",
      "createdAt": "2026-03-01T00:32:00.000Z",
      "deliveryStatus": "sent",
      "deliveryThreadId": "thread-owner",
      "messageId": "card-message-1",
      "runThreadId": null,
    },
  ],
  "readModel": {
    "agents": [
      {
        "archivedAt": null,
        "avatar": null,
        "capabilities": [
          "read",
          "write",
        ],
        "createdAt": "2026-03-01T00:01:00.000Z",
        "id": "agent-api",
        "modelSelection": {
          "instanceId": "codex",
          "model": "gpt-5-codex",
        },
        "name": "api",
        "projectId": "project-cards",
        "rolePrompt": "Own the API and its docs.",
        "roleTags": [
          "backend",
          "docs",
        ],
        "updatedAt": "2026-03-01T00:03:00.000Z",
      },
      {
        "archivedAt": null,
        "avatar": "W",
        "capabilities": [
          "read",
        ],
        "createdAt": "2026-03-01T00:02:00.000Z",
        "id": "agent-web",
        "modelSelection": {
          "instanceId": "codex",
          "model": "gpt-5-codex",
        },
        "name": "web",
        "projectId": "project-cards",
        "rolePrompt": "",
        "roleTags": [],
        "updatedAt": "2026-03-01T00:05:00.000Z",
      },
    ],
    "cards": [
      {
        "acceptsUnpriced": true,
        "activityAt": "2026-03-01T00:41:00.000Z",
        "attemptGroupId": null,
        "baseBranch": "main",
        "branch": "iskra/rate-limit",
        "budgetCapUsd": 25,
        "channelId": "channel-general",
        "checks": {
          "failedRuns": 1,
          "state": "failed",
          "summary": "lint",
          "updatedAt": "2026-03-01T00:41:00.000Z",
        },
        "createdAt": "2026-03-01T00:16:00.000Z",
        "createdBy": {
          "id": "human",
          "kind": "human",
        },
        "delegateAgentId": "agent-api",
        "diffStat": {
          "additions": 40,
          "deletions": 2,
          "files": 3,
        },
        "id": "card-1",
        "linearIssue": {
          "agentSessionId": null,
          "commentsSyncedAt": null,
          "description": "Use Redis.",
          "id": "linear-1",
          "identifier": "ISK-1",
          "priority": 1,
          "promptsSyncedAt": null,
          "stateId": "state",
          "teamId": "team",
          "title": "Rate limit the API",
          "url": "https://linear.app/issue/ISK-1",
        },
        "ownerHumanId": "human",
        "parentCardId": null,
        "portBase": 4100,
        "priority": 1,
        "projectId": "project-cards",
        "proposalReasoning": null,
        "relations": [
          {
            "cardId": "card-2",
            "kind": "blockedBy",
          },
          {
            "cardId": "card-3",
            "kind": "duplicateOf",
          },
        ],
        "reviewReturns": 1,
        "snoozedAt": null,
        "snoozedUntil": null,
        "sourceMessageId": null,
        "spec": "Use Redis.",
        "specState": "approved",
        "spentUsd": 0.25,
        "status": "inProgress",
        "tags": [
          "api",
        ],
        "title": "Rate limit the API",
        "unpricedTurns": 1,
        "updatedAt": "2026-03-01T00:36:00.000Z",
        "worktreePath": "/tmp/rate-limit",
      },
      {
        "acceptsUnpriced": false,
        "activityAt": "2026-03-01T00:47:00.000Z",
        "attemptGroupId": "attempts-1",
        "baseBranch": null,
        "branch": null,
        "budgetCapUsd": 10,
        "channelId": null,
        "checks": null,
        "createdAt": "2026-03-01T00:17:00.000Z",
        "createdBy": {
          "id": "agent-api",
          "kind": "lead",
        },
        "delegateAgentId": null,
        "diffStat": null,
        "id": "card-2",
        "linearIssue": null,
        "ownerHumanId": "human",
        "parentCardId": "card-1",
        "portBase": null,
        "priority": 2,
        "projectId": "project-cards",
        "proposalReasoning": "Asked for.",
        "relations": [
          {
            "cardId": "card-1",
            "kind": "blocks",
          },
        ],
        "reviewReturns": 0,
        "snoozedAt": null,
        "snoozedUntil": null,
        "sourceMessageId": "message-1",
        "spec": "",
        "specState": "approved",
        "spentUsd": 0,
        "status": "ready",
        "tags": [
          "auth",
        ],
        "title": "Auth",
        "unpricedTurns": 0,
        "updatedAt": "2026-03-01T00:49:00.000Z",
        "worktreePath": null,
      },
      {
        "acceptsUnpriced": false,
        "activityAt": "2026-03-01T00:18:00.000Z",
        "attemptGroupId": null,
        "baseBranch": null,
        "branch": null,
        "budgetCapUsd": 10,
        "channelId": null,
        "checks": null,
        "createdAt": "2026-03-01T00:18:00.000Z",
        "createdBy": {
          "id": "human",
          "kind": "human",
        },
        "delegateAgentId": null,
        "diffStat": null,
        "id": "card-3",
        "linearIssue": null,
        "ownerHumanId": "human",
        "parentCardId": null,
        "portBase": null,
        "priority": 0,
        "projectId": "project-cards",
        "proposalReasoning": null,
        "relations": [],
        "reviewReturns": 0,
        "snoozedAt": "2026-03-01T00:46:00.000Z",
        "snoozedUntil": null,
        "sourceMessageId": null,
        "spec": "",
        "specState": "draft",
        "spentUsd": 0,
        "status": "triage",
        "tags": [],
        "title": "Duplicate",
        "unpricedTurns": 0,
        "updatedAt": "2026-03-01T00:25:00.000Z",
        "worktreePath": null,
      },
    ],
    "channels": [
      {
        "archivedAt": null,
        "createdAt": "2026-03-01T00:06:00.000Z",
        "id": "channel-general",
        "kind": "channel",
        "leadAgentId": null,
        "memberAgentIds": [
          "agent-api",
          "agent-web",
        ],
        "name": "general",
        "pinnedSpec": "",
        "projectId": "project-cards",
        "topic": "Ship it",
        "updatedAt": "2026-03-01T00:08:00.000Z",
        "wakeDepth": 2,
      },
      {
        "archivedAt": "2026-03-01T00:11:00.000Z",
        "createdAt": "2026-03-01T00:07:00.000Z",
        "id": "channel-old",
        "kind": "dm",
        "leadAgentId": null,
        "memberAgentIds": [],
        "name": "old",
        "pinnedSpec": "s",
        "projectId": "project-cards",
        "topic": "t",
        "updatedAt": "2026-03-01T00:11:00.000Z",
        "wakeDepth": 0,
      },
    ],
    "liveRuns": [
      {
        "agentId": "agent-api",
        "cardId": null,
        "channelId": "channel-general",
        "role": "conversation",
        "startedAt": "2026-03-01T00:14:00.000Z",
        "threadId": "thread-conversation",
      },
      {
        "agentId": "agent-api",
        "cardId": "card-1",
        "channelId": null,
        "role": "owner",
        "startedAt": "2026-03-01T00:28:00.000Z",
        "threadId": "thread-owner",
      },
    ],
  },
  "run": {
    "_id": "Option",
    "_tag": "Some",
    "value": {
      "agentId": "agent-api",
      "capabilities": [
        "read",
        "write",
      ],
      "cardId": "card-1",
      "channelId": null,
      "context": {
        "agent": {
          "id": "agent-api",
          "name": "api",
          "rolePrompt": "",
        },
        "card": {
          "baseBranch": "main",
          "branch": "iskra/rate-limit",
          "id": "card-1",
          "spec": "Use Redis.",
          "title": "Rate limit the API",
        },
        "decisions": [],
        "diff": "",
        "diffTruncated": false,
        "question": null,
        "role": "owner",
      },
      "rendered": {
        "firstMessage": "first",
        "systemPrompt": "system",
      },
      "role": "owner",
      "startedAt": "2026-03-01T00:28:00.000Z",
      "threadId": "thread-owner",
      "triggerMessageId": null,
    },
  },
  "runsByAgent": [
    {
      "agentId": "agent-api",
      "capabilities": [
        "read",
        "write",
      ],
      "cardId": "card-1",
      "cardTitle": "Rate limit the API",
      "channelId": null,
      "context": {
        "agent": {
          "id": "agent-api",
          "name": "api",
          "rolePrompt": "",
        },
        "card": {
          "baseBranch": "main",
          "branch": "iskra/rate-limit",
          "id": "card-1",
          "spec": "Use Redis.",
          "title": "Rate limit the API",
        },
        "decisions": [],
        "diff": "",
        "diffTruncated": false,
        "question": null,
        "role": "owner",
      },
      "endedAt": null,
      "rendered": {
        "firstMessage": "first",
        "systemPrompt": "system",
      },
      "role": "owner",
      "startedAt": "2026-03-01T00:28:00.000Z",
      "threadId": "thread-owner",
      "triggerMessageId": null,
    },
    {
      "agentId": "agent-api",
      "capabilities": [
        "read",
      ],
      "cardId": null,
      "cardTitle": null,
      "channelId": "channel-general",
      "context": {
        "agent": {
          "id": "agent-api",
          "name": "api",
          "rolePrompt": "",
        },
        "channel": {
          "id": "channel-general",
          "kind": "channel",
          "name": "general",
          "topic": "Ship it",
        },
        "history": [],
        "pinnedSpec": "",
        "trigger": {
          "authorKind": "human",
          "authorName": "human",
          "body": "@api hello",
          "createdAt": "2026-03-01T00:12:00.000Z",
          "messageId": "message-1",
        },
        "wakeDepth": 2,
      },
      "endedAt": null,
      "rendered": {
        "firstMessage": "first",
        "systemPrompt": "system",
      },
      "role": "conversation",
      "startedAt": "2026-03-01T00:14:00.000Z",
      "threadId": "thread-conversation",
      "triggerMessageId": "message-1",
    },
  ],
  "shell": {
    "agents": [
      {
        "avatar": null,
        "id": "agent-api",
        "modelSelection": {
          "instanceId": "codex",
          "model": "gpt-5-codex",
        },
        "name": "api",
        "presence": "running",
        "projectId": "project-cards",
        "roleTags": [
          "backend",
          "docs",
        ],
        "spentUsd": 0.25,
      },
      {
        "avatar": "W",
        "id": "agent-web",
        "modelSelection": {
          "instanceId": "codex",
          "model": "gpt-5-codex",
        },
        "name": "web",
        "presence": "idle",
        "projectId": "project-cards",
        "roleTags": [],
        "spentUsd": 0,
      },
    ],
    "cards": [
      {
        "acceptsUnpriced": true,
        "activityAt": "2026-03-01T00:41:00.000Z",
        "attemptGroupId": null,
        "baseBranch": "main",
        "branch": "iskra/rate-limit",
        "budgetCapUsd": 25,
        "channelId": "channel-general",
        "checks": {
          "failedRuns": 1,
          "state": "failed",
          "summary": "lint",
          "updatedAt": "2026-03-01T00:41:00.000Z",
        },
        "createdAt": "2026-03-01T00:16:00.000Z",
        "createdBy": {
          "id": "human",
          "kind": "human",
        },
        "delegateAgentId": "agent-api",
        "diffStat": {
          "additions": 40,
          "deletions": 2,
          "files": 3,
        },
        "id": "card-1",
        "linearIssue": {
          "agentSessionId": null,
          "commentsSyncedAt": null,
          "description": "Use Redis.",
          "id": "linear-1",
          "identifier": "ISK-1",
          "priority": 1,
          "promptsSyncedAt": null,
          "stateId": "state",
          "teamId": "team",
          "title": "Rate limit the API",
          "url": "https://linear.app/issue/ISK-1",
        },
        "ownerHumanId": "human",
        "ownerSession": {
          "agentId": "agent-api",
          "planProgress": null,
          "since": "2026-03-01T00:28:00.000Z",
          "state": "pending",
          "threadId": "thread-owner",
        },
        "parentCardId": null,
        "portBase": 4100,
        "priority": 1,
        "projectId": "project-cards",
        "proposalReasoning": null,
        "relations": [
          {
            "cardId": "card-2",
            "kind": "blockedBy",
          },
          {
            "cardId": "card-3",
            "kind": "duplicateOf",
          },
        ],
        "reviewReturns": 1,
        "snoozedAt": null,
        "snoozedUntil": null,
        "sourceMessageId": null,
        "spec": "Use Redis.",
        "specState": "approved",
        "spentUsd": 0.25,
        "status": "inProgress",
        "tags": [
          "api",
        ],
        "title": "Rate limit the API",
        "unpricedTurns": 1,
        "updatedAt": "2026-03-01T00:36:00.000Z",
        "worktreePath": "/tmp/rate-limit",
      },
      {
        "acceptsUnpriced": false,
        "activityAt": "2026-03-01T00:47:00.000Z",
        "attemptGroupId": "attempts-1",
        "baseBranch": null,
        "branch": null,
        "budgetCapUsd": 10,
        "channelId": null,
        "checks": null,
        "createdAt": "2026-03-01T00:17:00.000Z",
        "createdBy": {
          "id": "agent-api",
          "kind": "lead",
        },
        "delegateAgentId": null,
        "diffStat": null,
        "id": "card-2",
        "linearIssue": null,
        "ownerHumanId": "human",
        "ownerSession": null,
        "parentCardId": "card-1",
        "portBase": null,
        "priority": 2,
        "projectId": "project-cards",
        "proposalReasoning": "Asked for.",
        "relations": [
          {
            "cardId": "card-1",
            "kind": "blocks",
          },
        ],
        "reviewReturns": 0,
        "snoozedAt": null,
        "snoozedUntil": null,
        "sourceMessageId": "message-1",
        "spec": "",
        "specState": "approved",
        "spentUsd": 0,
        "status": "ready",
        "tags": [
          "auth",
        ],
        "title": "Auth",
        "unpricedTurns": 0,
        "updatedAt": "2026-03-01T00:49:00.000Z",
        "worktreePath": null,
      },
      {
        "acceptsUnpriced": false,
        "activityAt": "2026-03-01T00:18:00.000Z",
        "attemptGroupId": null,
        "baseBranch": null,
        "branch": null,
        "budgetCapUsd": 10,
        "channelId": null,
        "checks": null,
        "createdAt": "2026-03-01T00:18:00.000Z",
        "createdBy": {
          "id": "human",
          "kind": "human",
        },
        "delegateAgentId": null,
        "diffStat": null,
        "id": "card-3",
        "linearIssue": null,
        "ownerHumanId": "human",
        "ownerSession": null,
        "parentCardId": null,
        "portBase": null,
        "priority": 0,
        "projectId": "project-cards",
        "proposalReasoning": null,
        "relations": [],
        "reviewReturns": 0,
        "snoozedAt": "2026-03-01T00:46:00.000Z",
        "snoozedUntil": null,
        "sourceMessageId": null,
        "spec": "",
        "specState": "draft",
        "spentUsd": 0,
        "status": "triage",
        "tags": [],
        "title": "Duplicate",
        "unpricedTurns": 0,
        "updatedAt": "2026-03-01T00:25:00.000Z",
        "worktreePath": null,
      },
    ],
    "channels": [
      {
        "id": "channel-general",
        "kind": "channel",
        "leadAgentId": null,
        "memberAgentIds": [
          "agent-api",
          "agent-web",
        ],
        "name": "general",
        "projectId": "project-cards",
        "topic": "Ship it",
      },
    ],
  },
  "wakeHistory": [
    {
      "authorId": "human",
      "authorKind": "human",
      "body": "@api hello",
      "channelId": "channel-general",
      "createdAt": "2026-03-01T00:12:00.000Z",
      "messageId": "message-1",
      "runThreadId": null,
      "sequence": 12,
    },
  ],
}
`;
