// Vitest Snapshot v1, https://vitest.dev/guide/snapshot.html

exports[`card, agent and channel projection > projects every card, agent and channel event the same in memory and in SQL 1`] = `
{
  "activities": [
    {
      "activityId": "status:evt-cards-19",
      "answers": null,
      "author": {
        "id": "system",
        "kind": "system",
      },
      "body": "",
      "cardId": "card-1",
      "createdAt": "2026-03-01T00:20:00.000Z",
      "deliverTo": null,
      "delivery": null,
      "deliveryThreadId": null,
      "elicitation": null,
      "evidenceId": null,
      "kind": "status",
      "reason": null,
      "runThreadId": null,
      "status": {
        "from": "triage",
        "to": "ready",
      },
    },
    {
      "activityId": "status:evt-cards-28",
      "answers": null,
      "author": {
        "id": "system",
        "kind": "system",
      },
      "body": "",
      "cardId": "card-1",
      "createdAt": "2026-03-01T00:29:00.000Z",
      "deliverTo": null,
      "delivery": null,
      "deliveryThreadId": null,
      "elicitation": null,
      "evidenceId": null,
      "kind": "status",
      "reason": null,
      "runThreadId": null,
      "status": {
        "from": "ready",
        "to": "inProgress",
      },
    },
    {
      "activityId": "spec-state:evt-cards-30",
      "answers": null,
      "author": {
        "id": "human",
        "kind": "human",
      },
      "body": "Approved the spec.",
      "cardId": "card-1",
      "createdAt": "2026-03-01T00:31:00.000Z",
      "deliverTo": null,
      "delivery": null,
      "deliveryThreadId": null,
      "elicitation": null,
      "evidenceId": null,
      "kind": "decision",
      "reason": null,
      "runThreadId": null,
      "status": null,
    },
    {
      "activityId": "card-message-1",
      "answers": null,
      "author": {
        "id": "human",
        "kind": "human",
      },
      "body": "Also cap bursts.",
      "cardId": "card-1",
      "createdAt": "2026-03-01T00:32:00.000Z",
      "deliverTo": "builder",
      "delivery": "sent",
      "deliveryThreadId": "thread-owner",
      "elicitation": null,
      "evidenceId": null,
      "kind": "message",
      "reason": null,
      "runThreadId": null,
      "status": null,
    },
    {
      "activityId": "status:evt-cards-34",
      "answers": null,
      "author": {
        "id": "system",
        "kind": "system",
      },
      "body": "",
      "cardId": "card-1",
      "createdAt": "2026-03-01T00:35:00.000Z",
      "deliverTo": null,
      "delivery": null,
      "deliveryThreadId": null,
      "elicitation": null,
      "evidenceId": null,
      "kind": "status",
      "reason": null,
      "runThreadId": null,
      "status": {
        "from": "inProgress",
        "to": "inReview",
      },
    },
    {
      "activityId": "status:evt-cards-35",
      "answers": null,
      "author": {
        "id": "system",
        "kind": "system",
      },
      "body": "",
      "cardId": "card-1",
      "createdAt": "2026-03-01T00:36:00.000Z",
      "deliverTo": null,
      "delivery": null,
      "deliveryThreadId": null,
      "elicitation": null,
      "evidenceId": null,
      "kind": "status",
      "reason": {
        "code": "returnToWork",
        "text": "Checks failed.",
      },
      "runThreadId": null,
      "status": {
        "from": "inReview",
        "to": "inProgress",
      },
    },
    {
      "activityId": "activity-question",
      "answers": null,
      "author": {
        "id": "agent-api",
        "kind": "agent",
      },
      "body": "Which store?",
      "cardId": "card-1",
      "createdAt": "2026-03-01T00:53:00.000Z",
      "deliverTo": null,
      "delivery": null,
      "deliveryThreadId": null,
      "elicitation": {
        "allowText": true,
        "options": [
          {
            "id": "redis",
            "label": "Redis",
          },
          {
            "id": "memory",
            "label": "Memory",
          },
        ],
        "question": "Which store?",
        "recommendedOptionId": "redis",
      },
      "evidenceId": null,
      "kind": "elicitation",
      "reason": null,
      "runThreadId": "thread-owner",
      "status": null,
    },
    {
      "activityId": "activity-answer",
      "answers": {
        "optionId": "redis",
        "questionId": "activity-question",
      },
      "author": {
        "id": "human",
        "kind": "human",
      },
      "body": "Redis",
      "cardId": "card-1",
      "createdAt": "2026-03-01T00:54:00.000Z",
      "deliverTo": "builder",
      "delivery": "sent",
      "deliveryThreadId": "thread-owner",
      "elicitation": null,
      "evidenceId": null,
      "kind": "response",
      "reason": null,
      "runThreadId": null,
      "status": null,
    },
    {
      "activityId": "checkpoint-1",
      "answers": null,
      "author": {
        "id": "system",
        "kind": "system",
      },
      "body": "Open the limits page.",
      "cardId": "card-1",
      "createdAt": "2026-03-01T00:57:00.000Z",
      "deliverTo": null,
      "delivery": null,
      "deliveryThreadId": null,
      "elicitation": {
        "allowText": true,
        "options": [
          {
            "id": "continue",
            "label": "Continue",
          },
          {
            "id": "redirect",
            "label": "Redirect",
          },
          {
            "id": "stop",
            "label": "Stop",
          },
        ],
        "question": "Is this going the right way?",
        "recommendedOptionId": "continue",
      },
      "evidenceId": null,
      "kind": "elicitation",
      "reason": null,
      "runThreadId": null,
      "status": null,
    },
    {
      "activityId": "checkpoint-1:resolved",
      "answers": {
        "optionId": "redirect",
        "questionId": "checkpoint-1",
      },
      "author": {
        "id": "human",
        "kind": "human",
      },
      "body": "Limit per key.",
      "cardId": "card-1",
      "createdAt": "2026-03-01T00:58:00.000Z",
      "deliverTo": "builder",
      "delivery": "pending",
      "deliveryThreadId": null,
      "elicitation": null,
      "evidenceId": null,
      "kind": "response",
      "reason": null,
      "runThreadId": null,
      "status": null,
    },
    {
      "activityId": "evidence:evidence-1",
      "answers": null,
      "author": {
        "id": "system",
        "kind": "system",
      },
      "body": "1 of 2 checks failed: test.",
      "cardId": "card-1",
      "createdAt": "2026-03-01T00:59:00.000Z",
      "deliverTo": null,
      "delivery": null,
      "deliveryThreadId": null,
      "elicitation": null,
      "evidenceId": "evidence-1",
      "kind": "evidence",
      "reason": null,
      "runThreadId": null,
      "status": null,
    },
    {
      "activityId": "status:evt-cards-63",
      "answers": null,
      "author": {
        "id": "system",
        "kind": "system",
      },
      "body": "",
      "cardId": "card-1",
      "createdAt": "2026-03-01T01:04:00.000Z",
      "deliverTo": null,
      "delivery": null,
      "deliveryThreadId": null,
      "elicitation": null,
      "evidenceId": null,
      "kind": "status",
      "reason": null,
      "runThreadId": null,
      "status": {
        "from": "inProgress",
        "to": "inReview",
      },
    },
    {
      "activityId": "status:evt-cards-64",
      "answers": null,
      "author": {
        "id": "system",
        "kind": "system",
      },
      "body": "",
      "cardId": "card-1",
      "createdAt": "2026-03-01T01:05:00.000Z",
      "deliverTo": null,
      "delivery": null,
      "deliveryThreadId": null,
      "elicitation": null,
      "evidenceId": null,
      "kind": "status",
      "reason": {
        "code": "returnToWork",
        "text": "CI failed.",
      },
      "runThreadId": null,
      "status": {
        "from": "inReview",
        "to": "inProgress",
      },
    },
    {
      "activityId": "landing:evt-cards-65",
      "answers": null,
      "author": {
        "id": "system",
        "kind": "system",
      },
      "body": "https://github.com/acme/api/pull/7",
      "cardId": "card-1",
      "createdAt": "2026-03-01T01:06:00.000Z",
      "deliverTo": null,
      "delivery": null,
      "deliveryThreadId": null,
      "elicitation": null,
      "evidenceId": null,
      "kind": "landing",
      "reason": null,
      "runThreadId": null,
      "status": null,
    },
  ],
  "agentById": {
    "_id": "Option",
    "_tag": "Some",
    "value": {
      "archivedAt": null,
      "avatar": null,
      "capabilities": [
        "read",
        "write",
      ],
      "createdAt": "2026-03-01T00:01:00.000Z",
      "id": "agent-api",
      "modelSelection": {
        "instanceId": "codex",
        "model": "gpt-5-codex",
      },
      "name": "api",
      "projectId": "project-cards",
      "rolePrompt": "Own the API and its docs.",
      "roleTags": [
        "backend",
        "docs",
      ],
      "updatedAt": "2026-03-01T00:03:00.000Z",
    },
  },
  "agentShellById": {
    "_id": "Option",
    "_tag": "Some",
    "value": {
      "avatar": "W",
      "id": "agent-web",
      "modelSelection": {
        "instanceId": "codex",
        "model": "gpt-5-codex",
      },
      "name": "web",
      "presence": "idle",
      "projectId": "project-cards",
      "roleTags": [],
      "spentUsd": 0,
    },
  },
  "cardRow": {
    "_id": "Option",
    "_tag": "Some",
    "value": {
      "acceptance": {
        "criteria": [
          {
            "id": "c1",
            "text": "Bursts over 100 get a 429.",
            "verification": "automated",
          },
        ],
        "state": "confirmed",
      },
      "acceptsUnpriced": true,
      "activityAt": "2026-03-01T01:05:00.000Z",
      "attemptGroupId": null,
      "baseBranch": "main",
      "branch": "iskra/rate-limit",
      "budgetCapUsd": 25,
      "cardId": "card-1",
      "channelId": "channel-general",
      "checkpoint": null,
      "checks": {
        "failedRuns": 1,
        "state": "failed",
        "summary": "lint",
        "updatedAt": "2026-03-01T00:41:00.000Z",
      },
      "createdAt": "2026-03-01T00:16:00.000Z",
      "createdBy": {
        "id": "human",
        "kind": "human",
      },
      "delegateAgentId": "agent-api",
      "diffStat": {
        "additions": 40,
        "deletions": 2,
        "files": 3,
      },
      "estimate": null,
      "evidence": {
        "checkCount": 2,
        "evidenceId": "evidence-1",
        "failedChecks": [
          "test",
        ],
        "flags": [
          {
            "detail": "Deleted.",
            "hard": true,
            "kind": "deletedTest",
            "path": "limits.test.ts",
          },
        ],
        "flagsAcknowledgedAt": "2026-03-01T01:00:00.000Z",
        "headSha": "abc1234def",
        "passed": false,
        "purpose": "review",
        "recordedAt": "2026-03-01T00:59:00.000Z",
        "unavailable": [
          "limits page",
        ],
      },
      "fixRounds": {
        "ci": 1,
        "review": 0,
      },
      "kind": "task",
      "landing": {
        "draft": true,
        "headSha": "abc1234def",
        "linkedAt": "2026-03-01T01:06:00.000Z",
        "mode": "pullRequest",
        "number": 7,
        "url": "https://github.com/acme/api/pull/7",
      },
      "linearIssue": {
        "agentSessionId": null,
        "commentsSyncedAt": null,
        "description": "Use Redis.",
        "id": "linear-1",
        "identifier": "ISK-1",
        "priority": 1,
        "promptsSyncedAt": null,
        "stateId": "state",
        "teamId": "team",
        "title": "Rate limit the API",
        "url": "https://linear.app/issue/ISK-1",
      },
      "ownerHumanId": "human",
      "parentCardId": null,
      "paused": null,
      "portBase": 4100,
      "premise": null,
      "priority": 1,
      "projectId": "project-cards",
      "proposalReasoning": null,
      "queuedAt": "2026-03-01T01:05:00.000Z",
      "relations": [
        {
          "cardId": "card-2",
          "kind": "blockedBy",
        },
        {
          "cardId": "card-3",
          "kind": "duplicateOf",
        },
      ],
      "reviewReturns": 2,
      "snoozedAt": null,
      "snoozedUntil": null,
      "sourceMessageId": null,
      "spec": "Use Redis.",
      "specState": "approved",
      "spentUsd": 0.25,
      "status": "inProgress",
      "suggestedAgentId": null,
      "tags": [
        "api",
      ],
      "title": "Rate limit the API",
      "unpricedTurns": 1,
      "updatedAt": "2026-03-01T01:05:00.000Z",
      "waitReason": {
        "code": "waitingForCapacity",
        "since": "2026-03-01T00:56:00.000Z",
        "text": "Waiting for machine capacity",
      },
      "worktreePath": "/tmp/rate-limit",
    },
  },
  "cardShellById": {
    "_id": "Option",
    "_tag": "Some",
    "value": {
      "acceptance": {
        "criteria": [
          {
            "id": "c1",
            "text": "Bursts over 100 get a 429.",
            "verification": "automated",
          },
        ],
        "state": "confirmed",
      },
      "acceptsUnpriced": true,
      "activityAt": "2026-03-01T01:05:00.000Z",
      "attemptGroupId": null,
      "baseBranch": "main",
      "branch": "iskra/rate-limit",
      "budgetCapUsd": 25,
      "channelId": "channel-general",
      "checkpoint": null,
      "checks": {
        "failedRuns": 1,
        "state": "failed",
        "summary": "lint",
        "updatedAt": "2026-03-01T00:41:00.000Z",
      },
      "createdAt": "2026-03-01T00:16:00.000Z",
      "createdBy": {
        "id": "human",
        "kind": "human",
      },
      "delegateAgentId": "agent-api",
      "diffStat": {
        "additions": 40,
        "deletions": 2,
        "files": 3,
      },
      "estimate": null,
      "evidence": {
        "checkCount": 2,
        "evidenceId": "evidence-1",
        "failedChecks": [
          "test",
        ],
        "flags": [
          {
            "detail": "Deleted.",
            "hard": true,
            "kind": "deletedTest",
            "path": "limits.test.ts",
          },
        ],
        "flagsAcknowledgedAt": "2026-03-01T01:00:00.000Z",
        "headSha": "abc1234def",
        "passed": false,
        "purpose": "review",
        "recordedAt": "2026-03-01T00:59:00.000Z",
        "unavailable": [
          "limits page",
        ],
      },
      "fixRounds": {
        "ci": 1,
        "review": 0,
      },
      "id": "card-1",
      "kind": "task",
      "landing": {
        "draft": true,
        "headSha": "abc1234def",
        "linkedAt": "2026-03-01T01:06:00.000Z",
        "mode": "pullRequest",
        "number": 7,
        "url": "https://github.com/acme/api/pull/7",
      },
      "linearIssue": {
        "agentSessionId": null,
        "commentsSyncedAt": null,
        "description": "Use Redis.",
        "id": "linear-1",
        "identifier": "ISK-1",
        "priority": 1,
        "promptsSyncedAt": null,
        "stateId": "state",
        "teamId": "team",
        "title": "Rate limit the API",
        "url": "https://linear.app/issue/ISK-1",
      },
      "ownerHumanId": "human",
      "ownerSession": {
        "agentId": "agent-api",
        "planProgress": null,
        "since": "2026-03-01T00:28:00.000Z",
        "state": "pending",
        "threadId": "thread-owner",
      },
      "parentCardId": null,
      "paused": null,
      "portBase": 4100,
      "premise": null,
      "priority": 1,
      "projectId": "project-cards",
      "proposalReasoning": null,
      "queuedAt": "2026-03-01T01:05:00.000Z",
      "relations": [
        {
          "cardId": "card-2",
          "kind": "blockedBy",
        },
        {
          "cardId": "card-3",
          "kind": "duplicateOf",
        },
      ],
      "reviewReturns": 2,
      "snoozedAt": null,
      "snoozedUntil": null,
      "sourceMessageId": null,
      "spec": "Use Redis.",
      "specState": "approved",
      "spentUsd": 0.25,
      "status": "inProgress",
      "suggestedAgentId": null,
      "tags": [
        "api",
      ],
      "title": "Rate limit the API",
      "unpricedTurns": 1,
      "updatedAt": "2026-03-01T01:05:00.000Z",
      "waitReason": {
        "code": "waitingForCapacity",
        "since": "2026-03-01T00:56:00.000Z",
        "text": "Waiting for machine capacity",
      },
      "worktreePath": "/tmp/rate-limit",
    },
  },
  "channelMessages": [
    {
      "authorId": "human",
      "authorKind": "human",
      "body": "@api hello",
      "channelId": "channel-general",
      "createdAt": "2026-03-01T00:12:00.000Z",
      "deliveries": [
        {
          "agentId": "agent-api",
          "status": "sent",
        },
      ],
      "id": "message-1",
    },
    {
      "answeredAt": "2026-03-01T01:08:00.000Z",
      "authorId": "agent-api",
      "authorKind": "agent",
      "body": "Which store?",
      "channelId": "channel-general",
      "createdAt": "2026-03-01T01:07:00.000Z",
      "elicitation": {
        "allowText": true,
        "options": [
          {
            "id": "redis",
            "label": "Redis",
          },
          {
            "id": "memory",
            "label": "Memory",
          },
        ],
        "question": "Which store?",
        "recommendedOptionId": "redis",
      },
      "id": "message-question",
    },
    {
      "answers": {
        "optionId": "redis",
        "questionId": "message-question",
      },
      "authorId": "human",
      "authorKind": "human",
      "body": "Redis",
      "channelId": "channel-general",
      "createdAt": "2026-03-01T01:08:00.000Z",
      "id": "message-answer",
    },
    {
      "authorId": "agent-api",
      "authorKind": "agent",
      "body": "Which region?",
      "channelId": "channel-general",
      "createdAt": "2026-03-01T01:09:00.000Z",
      "elicitation": {
        "allowText": true,
        "options": [
          {
            "id": "redis",
            "label": "Redis",
          },
          {
            "id": "memory",
            "label": "Memory",
          },
        ],
        "question": "Which region?",
        "recommendedOptionId": "redis",
      },
      "id": "message-open-question",
    },
  ],
  "channelRow": {
    "_id": "Option",
    "_tag": "Some",
    "value": {
      "archivedAt": "2026-03-01T00:11:00.000Z",
      "channelId": "channel-old",
      "createdAt": "2026-03-01T00:07:00.000Z",
      "kind": "dm",
      "leadAgentId": null,
      "memberAgentIds": [],
      "name": "old",
      "openElicitations": [],
      "pinnedSpec": "s",
      "projectId": "project-cards",
      "topic": "t",
      "updatedAt": "2026-03-01T00:11:00.000Z",
      "wakeDepth": 0,
    },
  },
  "channelShellById": {
    "_id": "Option",
    "_tag": "Some",
    "value": {
      "id": "channel-general",
      "kind": "channel",
      "leadAgentId": null,
      "memberAgentIds": [
        "agent-api",
        "agent-web",
      ],
      "name": "general",
      "projectId": "project-cards",
      "topic": "Ship it",
    },
  },
  "decisions": [
    {
      "author": {
        "id": "human",
        "kind": "human",
      },
      "cardId": "card-1",
      "createdAt": "2026-03-01T00:31:00.000Z",
      "decisionId": "spec-state:evt-cards-30",
      "text": "Approved the spec.",
    },
  ],
  "evidenceItems": [
    {
      "artifactPath": null,
      "cardId": "card-1",
      "createdAt": "2026-03-01T00:59:00.000Z",
      "criterionId": null,
      "durationMs": 1200,
      "evidenceId": "evidence-1",
      "exitCode": 0,
      "headSha": "abc1234def",
      "itemId": "typecheck",
      "kind": "check",
      "logTail": "ok",
      "name": "typecheck",
      "purpose": "review",
      "source": "local",
      "timedOut": false,
      "unavailable": null,
    },
    {
      "artifactPath": null,
      "cardId": "card-1",
      "createdAt": "2026-03-01T00:59:00.000Z",
      "criterionId": "c1",
      "durationMs": 3000,
      "evidenceId": "evidence-1",
      "exitCode": 1,
      "headSha": "abc1234def",
      "itemId": "test",
      "kind": "check",
      "logTail": "1 failed",
      "name": "test",
      "purpose": "review",
      "source": "local",
      "timedOut": false,
      "unavailable": null,
    },
    {
      "artifactPath": null,
      "cardId": "card-1",
      "createdAt": "2026-03-01T00:59:00.000Z",
      "criterionId": "c1",
      "durationMs": null,
      "evidenceId": "evidence-1",
      "exitCode": null,
      "headSha": "abc1234def",
      "itemId": "limits-page",
      "kind": "screenshot",
      "logTail": "",
      "name": "limits page",
      "purpose": "review",
      "source": "preview",
      "timedOut": false,
      "unavailable": {
        "code": "noPreviewHost",
        "text": "No desktop preview host is connected.",
      },
    },
  ],
  "message": {
    "_id": "Option",
    "_tag": "Some",
    "value": {
      "answeredAt": null,
      "answers": null,
      "authorId": "human",
      "authorKind": "human",
      "body": "@api hello",
      "channelId": "channel-general",
      "createdAt": "2026-03-01T00:12:00.000Z",
      "elicitation": null,
      "messageId": "message-1",
      "runThreadId": null,
      "sequence": 12,
    },
  },
  "openBuilderActivities": [
    {
      "activityId": "card-message-1",
      "answers": null,
      "author": {
        "id": "human",
        "kind": "human",
      },
      "body": "Also cap bursts.",
      "cardId": "card-1",
      "createdAt": "2026-03-01T00:32:00.000Z",
      "deliverTo": "builder",
      "delivery": "sent",
      "deliveryThreadId": "thread-owner",
      "elicitation": null,
      "evidenceId": null,
      "kind": "message",
      "reason": null,
      "runThreadId": null,
      "status": null,
    },
    {
      "activityId": "activity-answer",
      "answers": {
        "optionId": "redis",
        "questionId": "activity-question",
      },
      "author": {
        "id": "human",
        "kind": "human",
      },
      "body": "Redis",
      "cardId": "card-1",
      "createdAt": "2026-03-01T00:54:00.000Z",
      "deliverTo": "builder",
      "delivery": "sent",
      "deliveryThreadId": "thread-owner",
      "elicitation": null,
      "evidenceId": null,
      "kind": "response",
      "reason": null,
      "runThreadId": null,
      "status": null,
    },
    {
      "activityId": "checkpoint-1:resolved",
      "answers": {
        "optionId": "redirect",
        "questionId": "checkpoint-1",
      },
      "author": {
        "id": "human",
        "kind": "human",
      },
      "body": "Limit per key.",
      "cardId": "card-1",
      "createdAt": "2026-03-01T00:58:00.000Z",
      "deliverTo": "builder",
      "delivery": "pending",
      "deliveryThreadId": null,
      "elicitation": null,
      "evidenceId": null,
      "kind": "response",
      "reason": null,
      "runThreadId": null,
      "status": null,
    },
  ],
  "openDeliveries": [
    {
      "answeredAt": null,
      "answers": null,
      "authorId": "human",
      "authorKind": "human",
      "body": "@api hello",
      "channelId": "channel-general",
      "createdAt": "2026-03-01T00:12:00.000Z",
      "deliveryRunThreadId": "thread-conversation",
      "elicitation": null,
      "messageId": "message-1",
      "runThreadId": null,
      "sequence": 12,
      "status": "sent",
    },
  ],
  "openOwnerMessages": [
    {
      "authorId": "human",
      "authorKind": "human",
      "body": "Also cap bursts.",
      "cardId": "card-1",
      "createdAt": "2026-03-01T00:32:00.000Z",
      "deliveryStatus": "sent",
      "deliveryThreadId": "thread-owner",
      "messageId": "card-message-1",
      "runThreadId": null,
    },
  ],
  "projectRow": {
    "_id": "Option",
    "_tag": "Some",
    "value": {
      "autoPull": false,
      "createdAt": "2026-03-01T00:50:00.000Z",
      "defaultModelSelection": null,
      "defaultThreadEnvMode": null,
      "deletedAt": null,
      "faviconPath": null,
      "orchestration": {
        "autoMerge": {
          "enabled": false,
          "minSatisfaction": 0.9,
        },
        "baseBranch": null,
        "budgets": {
          "cardDefaultUsd": 10,
          "perAgentUsd": null,
          "projectUsd": null,
        },
        "builderSubCardsMax": 8,
        "checksWaived": true,
        "ciFixRounds": 2,
        "egress": {
          "allow": [],
          "deny": [],
          "mode": "none",
        },
        "exclusivePaths": [],
        "heavyCommands": [],
        "landing": null,
        "openAgentPrCap": 5,
        "reviewFixRounds": 2,
        "sessionCap": 2,
        "sideEffectGuard": {
          "acknowledgedAt": null,
          "killSwitchEnv": null,
        },
      },
      "projectIcon": null,
      "projectId": "project-cards",
      "scripts": [],
      "title": "Cards",
      "updatedAt": "2026-03-01T00:51:00.000Z",
      "workspaceRoot": "/tmp/project-cards",
    },
  },
  "readModel": {
    "agents": [
      {
        "archivedAt": null,
        "avatar": null,
        "capabilities": [
          "read",
          "write",
        ],
        "createdAt": "2026-03-01T00:01:00.000Z",
        "id": "agent-api",
        "modelSelection": {
          "instanceId": "codex",
          "model": "gpt-5-codex",
        },
        "name": "api",
        "projectId": "project-cards",
        "rolePrompt": "Own the API and its docs.",
        "roleTags": [
          "backend",
          "docs",
        ],
        "updatedAt": "2026-03-01T00:03:00.000Z",
      },
      {
        "archivedAt": null,
        "avatar": "W",
        "capabilities": [
          "read",
        ],
        "createdAt": "2026-03-01T00:02:00.000Z",
        "id": "agent-web",
        "modelSelection": {
          "instanceId": "codex",
          "model": "gpt-5-codex",
        },
        "name": "web",
        "projectId": "project-cards",
        "rolePrompt": "",
        "roleTags": [],
        "updatedAt": "2026-03-01T00:05:00.000Z",
      },
    ],
    "cards": [
      {
        "acceptance": {
          "criteria": [
            {
              "id": "c1",
              "text": "Bursts over 100 get a 429.",
              "verification": "automated",
            },
          ],
          "state": "confirmed",
        },
        "acceptsUnpriced": true,
        "activityAt": "2026-03-01T01:05:00.000Z",
        "attemptGroupId": null,
        "baseBranch": "main",
        "branch": "iskra/rate-limit",
        "budgetCapUsd": 25,
        "channelId": "channel-general",
        "checkpoint": null,
        "checks": {
          "failedRuns": 1,
          "state": "failed",
          "summary": "lint",
          "updatedAt": "2026-03-01T00:41:00.000Z",
        },
        "createdAt": "2026-03-01T00:16:00.000Z",
        "createdBy": {
          "id": "human",
          "kind": "human",
        },
        "delegateAgentId": "agent-api",
        "diffStat": {
          "additions": 40,
          "deletions": 2,
          "files": 3,
        },
        "estimate": null,
        "evidence": {
          "checkCount": 2,
          "evidenceId": "evidence-1",
          "failedChecks": [
            "test",
          ],
          "flags": [
            {
              "detail": "Deleted.",
              "hard": true,
              "kind": "deletedTest",
              "path": "limits.test.ts",
            },
          ],
          "flagsAcknowledgedAt": "2026-03-01T01:00:00.000Z",
          "headSha": "abc1234def",
          "passed": false,
          "purpose": "review",
          "recordedAt": "2026-03-01T00:59:00.000Z",
          "unavailable": [
            "limits page",
          ],
        },
        "fixRounds": {
          "ci": 1,
          "review": 0,
        },
        "id": "card-1",
        "kind": "task",
        "landing": {
          "draft": true,
          "headSha": "abc1234def",
          "linkedAt": "2026-03-01T01:06:00.000Z",
          "mode": "pullRequest",
          "number": 7,
          "url": "https://github.com/acme/api/pull/7",
        },
        "linearIssue": {
          "agentSessionId": null,
          "commentsSyncedAt": null,
          "description": "Use Redis.",
          "id": "linear-1",
          "identifier": "ISK-1",
          "priority": 1,
          "promptsSyncedAt": null,
          "stateId": "state",
          "teamId": "team",
          "title": "Rate limit the API",
          "url": "https://linear.app/issue/ISK-1",
        },
        "ownerHumanId": "human",
        "parentCardId": null,
        "paused": null,
        "portBase": 4100,
        "premise": null,
        "priority": 1,
        "projectId": "project-cards",
        "proposalReasoning": null,
        "queuedAt": "2026-03-01T01:05:00.000Z",
        "relations": [
          {
            "cardId": "card-2",
            "kind": "blockedBy",
          },
          {
            "cardId": "card-3",
            "kind": "duplicateOf",
          },
        ],
        "reviewReturns": 2,
        "snoozedAt": null,
        "snoozedUntil": null,
        "sourceMessageId": null,
        "spec": "Use Redis.",
        "specState": "approved",
        "spentUsd": 0.25,
        "status": "inProgress",
        "suggestedAgentId": null,
        "tags": [
          "api",
        ],
        "title": "Rate limit the API",
        "unpricedTurns": 1,
        "updatedAt": "2026-03-01T01:05:00.000Z",
        "waitReason": {
          "code": "waitingForCapacity",
          "since": "2026-03-01T00:56:00.000Z",
          "text": "Waiting for machine capacity",
        },
        "worktreePath": "/tmp/rate-limit",
      },
      {
        "acceptance": {
          "criteria": [],
          "state": "confirmed",
        },
        "acceptsUnpriced": false,
        "activityAt": "2026-03-01T00:47:00.000Z",
        "attemptGroupId": "attempts-1",
        "baseBranch": null,
        "branch": null,
        "budgetCapUsd": 10,
        "channelId": null,
        "checkpoint": null,
        "checks": null,
        "createdAt": "2026-03-01T00:17:00.000Z",
        "createdBy": {
          "id": "agent-api",
          "kind": "lead",
        },
        "delegateAgentId": null,
        "diffStat": null,
        "estimate": null,
        "evidence": null,
        "fixRounds": {
          "ci": 0,
          "review": 0,
        },
        "id": "card-2",
        "kind": "task",
        "landing": null,
        "linearIssue": null,
        "ownerHumanId": "human",
        "parentCardId": "card-1",
        "paused": null,
        "portBase": null,
        "premise": null,
        "priority": 2,
        "projectId": "project-cards",
        "proposalReasoning": "Asked for.",
        "queuedAt": "2026-03-01T00:17:00.000Z",
        "relations": [
          {
            "cardId": "card-1",
            "kind": "blocks",
          },
        ],
        "reviewReturns": 0,
        "snoozedAt": null,
        "snoozedUntil": null,
        "sourceMessageId": "message-1",
        "spec": "",
        "specState": "approved",
        "spentUsd": 0,
        "status": "ready",
        "suggestedAgentId": "agent-api",
        "tags": [
          "auth",
        ],
        "title": "Auth",
        "unpricedTurns": 0,
        "updatedAt": "2026-03-01T00:49:00.000Z",
        "waitReason": null,
        "worktreePath": null,
      },
      {
        "acceptance": {
          "criteria": [],
          "state": "confirmed",
        },
        "acceptsUnpriced": false,
        "activityAt": "2026-03-01T00:18:00.000Z",
        "attemptGroupId": null,
        "baseBranch": null,
        "branch": null,
        "budgetCapUsd": 10,
        "channelId": null,
        "checkpoint": null,
        "checks": null,
        "createdAt": "2026-03-01T00:18:00.000Z",
        "createdBy": {
          "id": "human",
          "kind": "human",
        },
        "delegateAgentId": null,
        "diffStat": null,
        "estimate": null,
        "evidence": null,
        "fixRounds": {
          "ci": 0,
          "review": 0,
        },
        "id": "card-3",
        "kind": "task",
        "landing": null,
        "linearIssue": null,
        "ownerHumanId": "human",
        "parentCardId": null,
        "paused": null,
        "portBase": null,
        "premise": null,
        "priority": 0,
        "projectId": "project-cards",
        "proposalReasoning": null,
        "queuedAt": null,
        "relations": [],
        "reviewReturns": 0,
        "snoozedAt": "2026-03-01T00:46:00.000Z",
        "snoozedUntil": null,
        "sourceMessageId": null,
        "spec": "",
        "specState": "draft",
        "spentUsd": 0,
        "status": "triage",
        "suggestedAgentId": null,
        "tags": [],
        "title": "Duplicate",
        "unpricedTurns": 0,
        "updatedAt": "2026-03-01T00:25:00.000Z",
        "waitReason": null,
        "worktreePath": null,
      },
    ],
    "channels": [
      {
        "archivedAt": null,
        "createdAt": "2026-03-01T00:06:00.000Z",
        "id": "channel-general",
        "kind": "channel",
        "leadAgentId": null,
        "memberAgentIds": [
          "agent-api",
          "agent-web",
        ],
        "name": "general",
        "openElicitations": [
          {
            "messageId": "message-open-question",
            "optionIds": [
              "redis",
              "memory",
            ],
          },
        ],
        "pinnedSpec": "",
        "projectId": "project-cards",
        "topic": "Ship it",
        "updatedAt": "2026-03-01T00:08:00.000Z",
        "wakeDepth": 2,
      },
      {
        "archivedAt": "2026-03-01T00:11:00.000Z",
        "createdAt": "2026-03-01T00:07:00.000Z",
        "id": "channel-old",
        "kind": "dm",
        "leadAgentId": null,
        "memberAgentIds": [],
        "name": "old",
        "openElicitations": [],
        "pinnedSpec": "s",
        "projectId": "project-cards",
        "topic": "t",
        "updatedAt": "2026-03-01T00:11:00.000Z",
        "wakeDepth": 0,
      },
    ],
    "liveRuns": [
      {
        "agentId": "agent-api",
        "cardId": null,
        "channelId": "channel-general",
        "role": "conversation",
        "startedAt": "2026-03-01T00:14:00.000Z",
        "threadId": "thread-conversation",
      },
      {
        "agentId": "agent-api",
        "cardId": "card-1",
        "channelId": null,
        "role": "owner",
        "startedAt": "2026-03-01T00:28:00.000Z",
        "threadId": "thread-owner",
      },
    ],
  },
  "run": {
    "_id": "Option",
    "_tag": "Some",
    "value": {
      "agentId": "agent-api",
      "capabilities": [
        "read",
        "write",
      ],
      "cardId": "card-1",
      "channelId": null,
      "context": {
        "agent": {
          "id": "agent-api",
          "name": "api",
          "rolePrompt": "",
        },
        "card": {
          "baseBranch": "main",
          "branch": "iskra/rate-limit",
          "id": "card-1",
          "spec": "Use Redis.",
          "title": "Rate limit the API",
        },
        "decisions": [],
        "diff": "",
        "diffTruncated": false,
        "question": null,
        "role": "owner",
      },
      "rendered": {
        "firstMessage": "first",
        "systemPrompt": "system",
      },
      "role": "owner",
      "startedAt": "2026-03-01T00:28:00.000Z",
      "threadId": "thread-owner",
      "triggerMessageId": null,
    },
  },
  "runsByAgent": [
    {
      "agentId": "agent-api",
      "capabilities": [
        "read",
        "write",
      ],
      "cardId": "card-1",
      "cardTitle": "Rate limit the API",
      "channelId": null,
      "context": {
        "agent": {
          "id": "agent-api",
          "name": "api",
          "rolePrompt": "",
        },
        "card": {
          "baseBranch": "main",
          "branch": "iskra/rate-limit",
          "id": "card-1",
          "spec": "Use Redis.",
          "title": "Rate limit the API",
        },
        "decisions": [],
        "diff": "",
        "diffTruncated": false,
        "question": null,
        "role": "owner",
      },
      "endedAt": null,
      "rendered": {
        "firstMessage": "first",
        "systemPrompt": "system",
      },
      "role": "owner",
      "startedAt": "2026-03-01T00:28:00.000Z",
      "threadId": "thread-owner",
      "triggerMessageId": null,
    },
    {
      "agentId": "agent-api",
      "capabilities": [
        "read",
      ],
      "cardId": null,
      "cardTitle": null,
      "channelId": "channel-general",
      "context": {
        "agent": {
          "id": "agent-api",
          "name": "api",
          "rolePrompt": "",
        },
        "channel": {
          "id": "channel-general",
          "kind": "channel",
          "name": "general",
          "topic": "Ship it",
        },
        "history": [],
        "pinnedSpec": "",
        "trigger": {
          "authorKind": "human",
          "authorName": "human",
          "body": "@api hello",
          "createdAt": "2026-03-01T00:12:00.000Z",
          "messageId": "message-1",
        },
        "wakeDepth": 2,
      },
      "endedAt": null,
      "rendered": {
        "firstMessage": "first",
        "systemPrompt": "system",
      },
      "role": "conversation",
      "startedAt": "2026-03-01T00:14:00.000Z",
      "threadId": "thread-conversation",
      "triggerMessageId": "message-1",
    },
  ],
  "shell": {
    "agents": [
      {
        "avatar": null,
        "id": "agent-api",
        "modelSelection": {
          "instanceId": "codex",
          "model": "gpt-5-codex",
        },
        "name": "api",
        "presence": "running",
        "projectId": "project-cards",
        "roleTags": [
          "backend",
          "docs",
        ],
        "spentUsd": 0.25,
      },
      {
        "avatar": "W",
        "id": "agent-web",
        "modelSelection": {
          "instanceId": "codex",
          "model": "gpt-5-codex",
        },
        "name": "web",
        "presence": "idle",
        "projectId": "project-cards",
        "roleTags": [],
        "spentUsd": 0,
      },
    ],
    "cards": [
      {
        "acceptance": {
          "criteria": [
            {
              "id": "c1",
              "text": "Bursts over 100 get a 429.",
              "verification": "automated",
            },
          ],
          "state": "confirmed",
        },
        "acceptsUnpriced": true,
        "activityAt": "2026-03-01T01:05:00.000Z",
        "attemptGroupId": null,
        "baseBranch": "main",
        "branch": "iskra/rate-limit",
        "budgetCapUsd": 25,
        "channelId": "channel-general",
        "checkpoint": null,
        "checks": {
          "failedRuns": 1,
          "state": "failed",
          "summary": "lint",
          "updatedAt": "2026-03-01T00:41:00.000Z",
        },
        "createdAt": "2026-03-01T00:16:00.000Z",
        "createdBy": {
          "id": "human",
          "kind": "human",
        },
        "delegateAgentId": "agent-api",
        "diffStat": {
          "additions": 40,
          "deletions": 2,
          "files": 3,
        },
        "estimate": null,
        "evidence": {
          "checkCount": 2,
          "evidenceId": "evidence-1",
          "failedChecks": [
            "test",
          ],
          "flags": [
            {
              "detail": "Deleted.",
              "hard": true,
              "kind": "deletedTest",
              "path": "limits.test.ts",
            },
          ],
          "flagsAcknowledgedAt": "2026-03-01T01:00:00.000Z",
          "headSha": "abc1234def",
          "passed": false,
          "purpose": "review",
          "recordedAt": "2026-03-01T00:59:00.000Z",
          "unavailable": [
            "limits page",
          ],
        },
        "fixRounds": {
          "ci": 1,
          "review": 0,
        },
        "id": "card-1",
        "kind": "task",
        "landing": {
          "draft": true,
          "headSha": "abc1234def",
          "linkedAt": "2026-03-01T01:06:00.000Z",
          "mode": "pullRequest",
          "number": 7,
          "url": "https://github.com/acme/api/pull/7",
        },
        "linearIssue": {
          "agentSessionId": null,
          "commentsSyncedAt": null,
          "description": "Use Redis.",
          "id": "linear-1",
          "identifier": "ISK-1",
          "priority": 1,
          "promptsSyncedAt": null,
          "stateId": "state",
          "teamId": "team",
          "title": "Rate limit the API",
          "url": "https://linear.app/issue/ISK-1",
        },
        "ownerHumanId": "human",
        "ownerSession": {
          "agentId": "agent-api",
          "planProgress": null,
          "since": "2026-03-01T00:28:00.000Z",
          "state": "pending",
          "threadId": "thread-owner",
        },
        "parentCardId": null,
        "paused": null,
        "portBase": 4100,
        "premise": null,
        "priority": 1,
        "projectId": "project-cards",
        "proposalReasoning": null,
        "queuedAt": "2026-03-01T01:05:00.000Z",
        "relations": [
          {
            "cardId": "card-2",
            "kind": "blockedBy",
          },
          {
            "cardId": "card-3",
            "kind": "duplicateOf",
          },
        ],
        "reviewReturns": 2,
        "snoozedAt": null,
        "snoozedUntil": null,
        "sourceMessageId": null,
        "spec": "Use Redis.",
        "specState": "approved",
        "spentUsd": 0.25,
        "status": "inProgress",
        "suggestedAgentId": null,
        "tags": [
          "api",
        ],
        "title": "Rate limit the API",
        "unpricedTurns": 1,
        "updatedAt": "2026-03-01T01:05:00.000Z",
        "waitReason": {
          "code": "waitingForCapacity",
          "since": "2026-03-01T00:56:00.000Z",
          "text": "Waiting for machine capacity",
        },
        "worktreePath": "/tmp/rate-limit",
      },
      {
        "acceptance": {
          "criteria": [],
          "state": "confirmed",
        },
        "acceptsUnpriced": false,
        "activityAt": "2026-03-01T00:47:00.000Z",
        "attemptGroupId": "attempts-1",
        "baseBranch": null,
        "branch": null,
        "budgetCapUsd": 10,
        "channelId": null,
        "checkpoint": null,
        "checks": null,
        "createdAt": "2026-03-01T00:17:00.000Z",
        "createdBy": {
          "id": "agent-api",
          "kind": "lead",
        },
        "delegateAgentId": null,
        "diffStat": null,
        "estimate": null,
        "evidence": null,
        "fixRounds": {
          "ci": 0,
          "review": 0,
        },
        "id": "card-2",
        "kind": "task",
        "landing": null,
        "linearIssue": null,
        "ownerHumanId": "human",
        "ownerSession": null,
        "parentCardId": "card-1",
        "paused": null,
        "portBase": null,
        "premise": null,
        "priority": 2,
        "projectId": "project-cards",
        "proposalReasoning": "Asked for.",
        "queuedAt": "2026-03-01T00:17:00.000Z",
        "relations": [
          {
            "cardId": "card-1",
            "kind": "blocks",
          },
        ],
        "reviewReturns": 0,
        "snoozedAt": null,
        "snoozedUntil": null,
        "sourceMessageId": "message-1",
        "spec": "",
        "specState": "approved",
        "spentUsd": 0,
        "status": "ready",
        "suggestedAgentId": "agent-api",
        "tags": [
          "auth",
        ],
        "title": "Auth",
        "unpricedTurns": 0,
        "updatedAt": "2026-03-01T00:49:00.000Z",
        "waitReason": null,
        "worktreePath": null,
      },
      {
        "acceptance": {
          "criteria": [],
          "state": "confirmed",
        },
        "acceptsUnpriced": false,
        "activityAt": "2026-03-01T00:18:00.000Z",
        "attemptGroupId": null,
        "baseBranch": null,
        "branch": null,
        "budgetCapUsd": 10,
        "channelId": null,
        "checkpoint": null,
        "checks": null,
        "createdAt": "2026-03-01T00:18:00.000Z",
        "createdBy": {
          "id": "human",
          "kind": "human",
        },
        "delegateAgentId": null,
        "diffStat": null,
        "estimate": null,
        "evidence": null,
        "fixRounds": {
          "ci": 0,
          "review": 0,
        },
        "id": "card-3",
        "kind": "task",
        "landing": null,
        "linearIssue": null,
        "ownerHumanId": "human",
        "ownerSession": null,
        "parentCardId": null,
        "paused": null,
        "portBase": null,
        "premise": null,
        "priority": 0,
        "projectId": "project-cards",
        "proposalReasoning": null,
        "queuedAt": null,
        "relations": [],
        "reviewReturns": 0,
        "snoozedAt": "2026-03-01T00:46:00.000Z",
        "snoozedUntil": null,
        "sourceMessageId": null,
        "spec": "",
        "specState": "draft",
        "spentUsd": 0,
        "status": "triage",
        "suggestedAgentId": null,
        "tags": [],
        "title": "Duplicate",
        "unpricedTurns": 0,
        "updatedAt": "2026-03-01T00:25:00.000Z",
        "waitReason": null,
        "worktreePath": null,
      },
    ],
    "channels": [
      {
        "id": "channel-general",
        "kind": "channel",
        "leadAgentId": null,
        "memberAgentIds": [
          "agent-api",
          "agent-web",
        ],
        "name": "general",
        "projectId": "project-cards",
        "topic": "Ship it",
      },
    ],
  },
  "wakeHistory": [
    {
      "answeredAt": null,
      "answers": {
        "optionId": "redis",
        "questionId": "message-question",
      },
      "authorId": "human",
      "authorKind": "human",
      "body": "Redis",
      "channelId": "channel-general",
      "createdAt": "2026-03-01T01:08:00.000Z",
      "elicitation": null,
      "messageId": "message-answer",
      "runThreadId": null,
      "sequence": 68,
    },
    {
      "answeredAt": null,
      "answers": null,
      "authorId": "agent-api",
      "authorKind": "agent",
      "body": "Which region?",
      "channelId": "channel-general",
      "createdAt": "2026-03-01T01:09:00.000Z",
      "elicitation": {
        "allowText": true,
        "options": [
          {
            "id": "redis",
            "label": "Redis",
          },
          {
            "id": "memory",
            "label": "Memory",
          },
        ],
        "question": "Which region?",
        "recommendedOptionId": "redis",
      },
      "messageId": "message-open-question",
      "runThreadId": null,
      "sequence": 69,
    },
  ],
}
`;
